// Jest Snapshot v1, https://goo.gl/fbAQLP

exports[`snapshot <About /> 1`] = `
<h1>
  About
</h1>
`;
